\BOOKMARK [1][-]{section.1}{\376\377\000T\000h\000e\000\040\000P\000a\000t\000h\000\040\000I\000s\000\040\000R\000e\000a\000l}{}% 1
\BOOKMARK [1][-]{section.2}{\376\377\000W\000h\000a\000t\000\040\000C\000o\000u\000n\000t\000s\000\040\000a\000s\000\040\000t\000h\000e\000\040\000S\000t\000a\000t\000e}{}% 2
\BOOKMARK [1][-]{section.3}{\376\377\000S\000t\000r\000u\000c\000t\000u\000r\000a\000l\000\040\000D\000e\000p\000t\000h\000\040\000a\000n\000d\000\040\000E\000f\000f\000e\000c\000t\000i\000v\000e\000\040\000D\000e\000p\000t\000h}{}% 3
\BOOKMARK [1][-]{section.4}{\376\377\000T\000h\000e\000\040\000T\000o\000k\000e\000n\000\040\000a\000s\000\040\000a\000\040\000C\000l\000o\000c\000k}{}% 4
\BOOKMARK [1][-]{section.5}{\376\377\000C\000o\000n\000t\000i\000n\000u\000o\000u\000s\000\040\000D\000e\000s\000c\000e\000n\000t\000\040\000a\000n\000d\000\040\000F\000a\000i\000t\000h\000f\000u\000l\000\040\000P\000r\000e\000s\000e\000r\000v\000a\000t\000i\000o\000n}{}% 5
\BOOKMARK [1][-]{section.6}{\376\377\000A\000\040\000C\000o\000n\000t\000r\000a\000c\000t\000i\000o\000n\000\040\000C\000r\000i\000t\000e\000r\000i\000o\000n\000\040\000f\000o\000r\000\040\000t\000h\000e\000\040\000P\000e\000r\000s\000i\000s\000t\000e\000n\000t\000\040\000C\000h\000a\000n\000n\000e\000l}{}% 6
\BOOKMARK [1][-]{section.7}{\376\377\000B\000e\000h\000a\000v\000i\000o\000r\000a\000l\000\040\000E\000q\000u\000a\000l\000i\000t\000y\000\040\000I\000s\000\040\000N\000o\000t\000\040\000S\000t\000a\000t\000e\000\040\000E\000q\000u\000a\000l\000i\000t\000y}{}% 7
\BOOKMARK [1][-]{section.8}{\376\377\000E\000x\000t\000e\000r\000n\000a\000l\000\040\000T\000o\000k\000e\000n\000s\000\040\000a\000s\000\040\000R\000e\000c\000u\000r\000r\000e\000n\000t\000\040\000C\000o\000m\000p\000u\000t\000a\000t\000i\000o\000n}{}% 8
\BOOKMARK [1][-]{section.9}{\376\377\000A\000\040\000C\000a\000p\000a\000c\000i\000t\000y\000\040\000B\000o\000u\000n\000d\000\040\000o\000n\000\040\000t\000h\000e\000\040\000B\000o\000u\000n\000d\000e\000d\000\040\000D\000e\000c\000o\000d\000e\000r\000\040\000S\000t\000a\000t\000e}{}% 9
\BOOKMARK [1][-]{section.10}{\376\377\000E\000x\000a\000c\000t\000\040\000R\000e\000p\000l\000a\000y\000,\000\040\000I\000n\000e\000x\000a\000c\000t\000\040\000C\000l\000a\000i\000m\000s}{}% 10
\BOOKMARK [2][-]{subsection.10.1}{\376\377\000T\000h\000e\000\040\000H\000y\000b\000r\000i\000d\000-\000C\000o\000m\000p\000u\000t\000a\000t\000i\000o\000n\000\040\000B\000i\000a\000s\000:\000\040\000A\000\040\000W\000o\000r\000k\000e\000d\000\040\000E\000x\000a\000m\000p\000l\000e}{section.10}% 11
\BOOKMARK [1][-]{section.11}{\376\377\000T\000h\000e\000\040\000C\000o\000s\000t\000\040\000o\000f\000\040\000C\000o\000n\000t\000i\000n\000u\000i\000t\000y}{}% 12
\BOOKMARK [1][-]{section.12}{\376\377\000B\000o\000u\000n\000d\000a\000r\000i\000e\000s\000\040\000T\000h\000a\000t\000\040\000D\000o\000\040\000N\000o\000t\000\040\000M\000a\000t\000t\000e\000r}{}% 13
\BOOKMARK [1][-]{section.13}{\376\377\000B\000o\000u\000n\000d\000a\000r\000i\000e\000s\000\040\000T\000h\000a\000t\000\040\000P\000e\000r\000f\000o\000r\000m\000\040\000W\000o\000r\000k}{}% 14
\BOOKMARK [2][-]{subsection.13.1}{\376\377\000A\000\040\000F\000o\000r\000m\000a\000l\000\040\000C\000r\000i\000t\000e\000r\000i\000o\000n\000\040\000f\000o\000r\000\040\000D\000e\000c\000l\000a\000r\000e\000d\000\040\000O\000p\000e\000r\000a\000t\000o\000r\000s}{section.13}% 15
\BOOKMARK [2][-]{subsection.13.2}{\376\377\000O\000n\000e\000\040\000P\000o\000s\000s\000i\000b\000l\000e\000\040\000S\000t\000a\000t\000e\000-\000L\000e\000v\000e\000l\000\040\000R\000e\000a\000l\000i\000z\000a\000t\000i\000o\000n\000:\000\040\000B\000l\000o\000c\000k\000-\000T\000r\000i\000a\000n\000g\000u\000l\000a\000r\000\040\000C\000o\000u\000p\000l\000i\000n\000g}{section.13}% 16
\BOOKMARK [1][-]{section.14}{\376\377\000H\000i\000s\000t\000o\000r\000y\000\040\000I\000s\000\040\000N\000o\000t\000\040\000Y\000e\000t\000\040\000M\000e\000m\000o\000r\000y}{}% 17
\BOOKMARK [1][-]{section.15}{\376\377\000W\000h\000a\000t\000\040\000W\000o\000u\000l\000d\000\040\000H\000a\000v\000e\000\040\000t\000o\000\040\000T\000r\000a\000v\000e\000l}{}% 18
\BOOKMARK [1][-]{section.16}{\376\377\000P\000r\000o\000b\000i\000n\000g\000\040\000T\000a\000s\000k\000s\000\040\000f\000o\000r\000\040\000H\000i\000s\000t\000o\000r\000y\000\040\000D\000i\000s\000t\000i\000n\000g\000u\000i\000s\000h\000a\000b\000i\000l\000i\000t\000y\000:\000\040\000A\000\040\000C\000o\000n\000c\000r\000e\000t\000e\000\040\000P\000r\000o\000t\000o\000c\000o\000l}{}% 19
\BOOKMARK [2][-]{subsection.16.1}{\376\377\000T\000h\000e\000\040\000d\000e\000l\000a\000y\000e\000d\000-\000c\000o\000p\000y\000\040\000t\000a\000s\000k}{section.16}% 20
\BOOKMARK [2][-]{subsection.16.2}{\376\377\000T\000h\000e\000\040\000s\000t\000a\000t\000e\000-\000s\000w\000a\000p\000\040\000e\000x\000p\000e\000r\000i\000m\000e\000n\000t}{section.16}% 21
\BOOKMARK [2][-]{subsection.16.3}{\376\377\000W\000h\000a\000t\000\040\000t\000h\000e\000\040\000p\000r\000o\000t\000o\000c\000o\000l\000\040\000d\000o\000e\000s\000\040\000a\000n\000d\000\040\000d\000o\000e\000s\000\040\000n\000o\000t\000\040\000s\000e\000t\000t\000l\000e}{section.16}% 22
\BOOKMARK [1][-]{section.17}{\376\377\000C\000o\000n\000t\000i\000n\000u\000i\000t\000y\000\040\000W\000i\000t\000h\000o\000u\000t\000\040\000C\000a\000p\000a\000b\000i\000l\000i\000t\000y}{}% 23
