\BOOKMARK [1][-]{section.1}{\376\377\000I\000n\000t\000r\000o\000d\000u\000c\000t\000i\000o\000n\000\040\000a\000n\000d\000\040\000M\000o\000t\000i\000v\000a\000t\000i\000o\000n}{}% 1
\BOOKMARK [2][-]{subsection.1.1}{\376\377\000T\000h\000e\000\040\000r\000e\000c\000o\000n\000s\000t\000r\000u\000c\000t\000i\000o\000n\000\040\000p\000r\000o\000b\000l\000e\000m\000\040\000i\000n\000\040\000a\000u\000d\000i\000o\000\040\000c\000o\000d\000i\000n\000g}{section.1}% 2
\BOOKMARK [2][-]{subsection.1.2}{\376\377\000W\000h\000y\000\040\000a\000\040\000c\000o\000n\000t\000r\000o\000l\000\040\000l\000a\000w\000\040\000r\000a\000t\000h\000e\000r\000\040\000t\000h\000a\000n\000\040\000a\000\040\000s\000t\000a\000t\000i\000c\000\040\000d\000e\000s\000c\000r\000i\000p\000t\000i\000o\000n}{section.1}% 3
\BOOKMARK [2][-]{subsection.1.3}{\376\377\000P\000o\000s\000i\000t\000i\000o\000n\000i\000n\000g\000\040\000a\000s\000\040\000a\000\040\000s\000e\000m\000a\000n\000t\000i\000c\000\040\000c\000o\000d\000e\000c}{section.1}% 4
\BOOKMARK [1][-]{section.2}{\376\377\000S\000c\000o\000p\000e\000\040\000a\000n\000d\000\040\000D\000e\000s\000i\000g\000n\000\040\000O\000b\000j\000e\000c\000t\000i\000v\000e}{}% 5
\BOOKMARK [2][-]{subsection.2.1}{\376\377\000R\000e\000l\000a\000t\000i\000o\000n\000\040\000t\000o\000\040\000i\000n\000f\000o\000r\000m\000a\000t\000i\000o\000n\000-\000t\000h\000e\000o\000r\000e\000t\000i\000c\000\040\000c\000o\000m\000p\000r\000e\000s\000s\000i\000o\000n}{section.2}% 6
\BOOKMARK [1][-]{section.3}{\376\377\000C\000o\000n\000c\000e\000p\000t\000u\000a\000l\000\040\000M\000o\000d\000e\000l}{}% 7
\BOOKMARK [2][-]{subsection.3.1}{\376\377\000L\000a\000y\000e\000r\000\040\000i\000n\000d\000e\000p\000e\000n\000d\000e\000n\000c\000e\000\040\000a\000n\000d\000\040\000i\000n\000t\000e\000r\000f\000a\000c\000e\000\040\000d\000i\000s\000c\000i\000p\000l\000i\000n\000e}{section.3}% 8
\BOOKMARK [1][-]{section.4}{\376\377\000T\000h\000e\000\040\000T\000r\000a\000j\000e\000c\000t\000o\000r\000y\000\040\000H\000o\000o\000k}{}% 9
\BOOKMARK [2][-]{subsection.4.1}{\376\377\000D\000e\000f\000i\000n\000i\000t\000i\000o\000n}{section.4}% 10
\BOOKMARK [2][-]{subsection.4.2}{\376\377\000P\000u\000b\000l\000i\000c\000\040\000a\000n\000d\000\040\000p\000r\000i\000v\000a\000t\000e\000\040\000h\000o\000o\000k\000s}{section.4}% 11
\BOOKMARK [2][-]{subsection.4.3}{\376\377\000H\000o\000o\000k\000\040\000s\000y\000n\000t\000a\000x}{section.4}% 12
\BOOKMARK [1][-]{section.5}{\376\377\000T\000e\000m\000p\000o\000r\000a\000l\000\040\000C\000o\000o\000r\000d\000i\000n\000a\000t\000e\000\040\000S\000y\000s\000t\000e\000m}{}% 13
\BOOKMARK [1][-]{section.6}{\376\377\000T\000h\000e\000\040\000C\000o\000n\000t\000r\000o\000l\000\040\000F\000i\000e\000l\000d}{}% 14
\BOOKMARK [1][-]{section.7}{\376\377\000V\000o\000c\000a\000l\000\040\000D\000e\000f\000o\000r\000m\000a\000t\000i\000o\000n\000\040\000M\000o\000d\000e\000l}{}% 15
\BOOKMARK [1][-]{section.8}{\376\377\000F\000o\000r\000m\000a\000l\000i\000z\000i\000n\000g\000\040\000P\000e\000r\000c\000e\000p\000t\000u\000a\000l\000\040\000I\000m\000p\000a\000c\000t\000\040\000\050\000`\000`\000O\000o\000m\000p\000h\000'\000'\000\051}{}% 16
\BOOKMARK [1][-]{section.9}{\376\377\000L\000o\000w\000-\000F\000r\000e\000q\000u\000e\000n\000c\000y\000\040\000T\000r\000a\000j\000e\000c\000t\000o\000r\000i\000e\000s}{}% 17
\BOOKMARK [1][-]{section.10}{\376\377\000T\000r\000a\000j\000e\000c\000t\000o\000r\000y\000\040\000G\000e\000n\000e\000r\000a\000t\000i\000o\000n}{}% 18
\BOOKMARK [1][-]{section.11}{\376\377\000G\000e\000n\000r\000e\000\040\000a\000s\000\040\000a\000n\000\040\000A\000d\000m\000i\000s\000s\000i\000b\000i\000l\000i\000t\000y\000\040\000R\000e\000g\000i\000o\000n}{}% 19
\BOOKMARK [1][-]{section.12}{\376\377\000T\000e\000x\000t\000u\000a\000l\000\040\000S\000c\000o\000r\000e\000\040\000F\000o\000r\000m\000a\000t}{}% 20
\BOOKMARK [1][-]{section.13}{\376\377\000E\000n\000c\000o\000d\000i\000n\000g\000\040\000P\000r\000o\000c\000e\000d\000u\000r\000e}{}% 21
\BOOKMARK [1][-]{section.14}{\376\377\000D\000e\000c\000o\000d\000i\000n\000g\000\040\000P\000r\000o\000c\000e\000d\000u\000r\000e}{}% 22
\BOOKMARK [1][-]{section.15}{\376\377\000C\000a\000n\000o\000n\000i\000c\000a\000l\000i\000z\000a\000t\000i\000o\000n\000\040\000a\000n\000d\000\040\000V\000e\000r\000s\000i\000o\000n\000i\000n\000g}{}% 23
\BOOKMARK [1][-]{section.16}{\376\377\000R\000e\000c\000o\000n\000s\000t\000r\000u\000c\000t\000i\000o\000n\000\040\000L\000e\000v\000e\000l\000s}{}% 24
\BOOKMARK [1][-]{section.17}{\376\377\000E\000v\000a\000l\000u\000a\000t\000i\000o\000n\000\040\000M\000e\000t\000h\000o\000d\000o\000l\000o\000g\000y}{}% 25
\BOOKMARK [1][-]{section.18}{\376\377\000C\000o\000m\000p\000r\000e\000s\000s\000i\000o\000n\000\040\000A\000c\000c\000o\000u\000n\000t\000i\000n\000g}{}% 26
\BOOKMARK [1][-]{section.19}{\376\377\000S\000e\000c\000u\000r\000i\000t\000y\000\040\000a\000n\000d\000\040\000P\000r\000o\000v\000e\000n\000a\000n\000c\000e}{}% 27
\BOOKMARK [1][-]{section.20}{\376\377\000P\000r\000i\000n\000c\000i\000p\000a\000l\000\040\000L\000i\000m\000i\000t\000a\000t\000i\000o\000n\000s}{}% 28
\BOOKMARK [1][-]{section.21}{\376\377\000R\000e\000l\000a\000t\000i\000o\000n\000\040\000t\000o\000\040\000P\000r\000i\000o\000r\000\040\000W\000o\000r\000k}{}% 29
\BOOKMARK [1][-]{section.22}{\376\377\000F\000a\000l\000s\000i\000f\000i\000a\000b\000l\000e\000\040\000R\000e\000s\000e\000a\000r\000c\000h\000\040\000C\000l\000a\000i\000m}{}% 30
